// Jest Snapshot v1, https://goo.gl/fbAQLP

exports[`GifGrid test suite should render default template when default properties are set 1`] = `
<Fragment>
  <h3>
    The Pepe
  </h3>
  <p
    className="animate__animated animate__flash"
  >
    Loading...
  </p>
  <div
    className="card-grid"
  />
</Fragment>
`;
